// Jest Snapshot v1, https://goo.gl/fbAQLP

exports[`renders correctly 1`] = `
<View
  style={Object {}}
>
  <Text
    accessible={true}
    allowFontScaling={true}
    disabled={false}
    ellipsizeMode="tail"
    style={
      Object {
        "color": "#a5a5a5",
        "fontFamily": "Roboto-Regular",
        "fontSize": 14,
      }
    }
  >
    Test
  </Text>
</View>
`;
